max_turns (f.k.a. max_episodes) artificially limited to 25. Consider removing this limit for better task completion.
Skipping image OS validation for hb__0f0ef3c274e9b79ca64bbf2cf734fc3e: docker inspect returned 1
Trajectory dumped to jobs\ds-fs-h2-3\free-surface-pressure-step__LiySEEm\agent\trajectory.json
Trajectory dumped to jobs\ds-fs-h2-3\free-surface-pressure-step__LiySEEm\agent\trajectory.json
Trajectory dumped to jobs\ds-fs-h2-3\free-surface-pressure-step__LiySEEm\agent\trajectory.json
Trajectory dumped to jobs\ds-fs-h2-3\free-surface-pressure-step__LiySEEm\agent\trajectory.json
Trajectory dumped to jobs\ds-fs-h2-3\free-surface-pressure-step__LiySEEm\agent\trajectory.json
Trajectory dumped to jobs\ds-fs-h2-3\free-surface-pressure-step__LiySEEm\agent\trajectory.json
Trajectory dumped to jobs\ds-fs-h2-3\free-surface-pressure-step__LiySEEm\agent\trajectory.json
Trajectory dumped to jobs\ds-fs-h2-3\free-surface-pressure-step__LiySEEm\agent\trajectory.json
Trajectory dumped to jobs\ds-fs-h2-3\free-surface-pressure-step__LiySEEm\agent\trajectory.json
Trajectory dumped to jobs\ds-fs-h2-3\free-surface-pressure-step__LiySEEm\agent\trajectory.json
Trajectory dumped to jobs\ds-fs-h2-3\free-surface-pressure-step__LiySEEm\agent\trajectory.json
Trajectory dumped to jobs\ds-fs-h2-3\free-surface-pressure-step__LiySEEm\agent\trajectory.json
Trajectory dumped to jobs\ds-fs-h2-3\free-surface-pressure-step__LiySEEm\agent\trajectory.json
Trajectory dumped to jobs\ds-fs-h2-3\free-surface-pressure-step__LiySEEm\agent\trajectory.json
Trajectory dumped to jobs\ds-fs-h2-3\free-surface-pressure-step__LiySEEm\agent\trajectory.json
Trajectory dumped to jobs\ds-fs-h2-3\free-surface-pressure-step__LiySEEm\agent\trajectory.json
Trajectory dumped to jobs\ds-fs-h2-3\free-surface-pressure-step__LiySEEm\agent\trajectory.json
Trajectory dumped to jobs\ds-fs-h2-3\free-surface-pressure-step__LiySEEm\agent\trajectory.json
Trajectory dumped to jobs\ds-fs-h2-3\free-surface-pressure-step__LiySEEm\agent\trajectory.json
Trajectory dumped to jobs\ds-fs-h2-3\free-surface-pressure-step__LiySEEm\agent\trajectory.json
Collecting main service artifacts
compose cp failed; retrying download with engine cp: Docker compose command failed for environment free-surface-pressure-step. Command: docker compose --project-name free-surface-pressure-step__liyseem__env --project-directory C:\Users\JasonXu\Desktop\Klavis AI\tasks\free-surface-pressure-step\environment -f C:\Users\JasonXu\AppData\Local\Temp\tmppmaelgw2\free-surface-pressure-step__LiySEEm__env-docker-compose-resources.json -f C:\Users\JasonXu\AppData\Local\Programs\Python\Python312\Lib\site-packages\harbor\environments\docker\docker-compose-build.yaml -f C:\Users\JasonXu\AppData\Local\Temp\tmpwnmjl2za\docker-compose-environment.json -f C:\Users\JasonXu\AppData\Local\Temp\tmptzk4e14r\docker-compose-mounts.json cp main:/app/output/evolve.py jobs\ds-fs-h2-3\free-surface-pressure-step__LiySEEm\artifacts\app\output\evolve.py. Return code: 1. Stdout:  free-surface-pressure-step__liyseem__env-main-1 Copying free-surface-pressure-step__liyseem__env-main-1:/app/output/evolve.py to jobs\ds-fs-h2-3\free-surface-pressure-step__LiySEEm\artifacts\app\output\evolve.py
invalid output path: directory "C:\\Users\\JasonXu\\Desktop\\Klavis AI\\tasks\\free-surface-pressure-step\\environment\\jobs\\ds-fs-h2-3\\free-surface-pressure-step__LiySEEm\\artifacts\\app\\output" does not exist
. Stderr: None. 
compose cp failed; retrying download with engine cp: Docker compose command failed for environment free-surface-pressure-step. Command: docker compose --project-name free-surface-pressure-step__liyseem__env --project-directory C:\Users\JasonXu\Desktop\Klavis AI\tasks\free-surface-pressure-step\environment -f C:\Users\JasonXu\AppData\Local\Temp\tmppmaelgw2\free-surface-pressure-step__LiySEEm__env-docker-compose-resources.json -f C:\Users\JasonXu\AppData\Local\Programs\Python\Python312\Lib\site-packages\harbor\environments\docker\docker-compose-build.yaml -f C:\Users\JasonXu\AppData\Local\Temp\tmpwnmjl2za\docker-compose-environment.json -f C:\Users\JasonXu\AppData\Local\Temp\tmptzk4e14r\docker-compose-mounts.json cp main:/app/output/pressure.json jobs\ds-fs-h2-3\free-surface-pressure-step__LiySEEm\artifacts\app\output\pressure.json. Return code: 1. Stdout:  free-surface-pressure-step__liyseem__env-main-1 Copying free-surface-pressure-step__liyseem__env-main-1:/app/output/pressure.json to jobs\ds-fs-h2-3\free-surface-pressure-step__LiySEEm\artifacts\app\output\pressure.json
invalid output path: directory "C:\\Users\\JasonXu\\Desktop\\Klavis AI\\tasks\\free-surface-pressure-step\\environment\\jobs\\ds-fs-h2-3\\free-surface-pressure-step__LiySEEm\\artifacts\\app\\output" does not exist
. Stderr: None. 
compose cp failed; retrying download with engine cp: Docker compose command failed for environment free-surface-pressure-step. Command: docker compose --project-name free-surface-pressure-step__liyseem__env --project-directory C:\Users\JasonXu\Desktop\Klavis AI\tasks\free-surface-pressure-step\environment -f C:\Users\JasonXu\AppData\Local\Temp\tmppmaelgw2\free-surface-pressure-step__LiySEEm__env-docker-compose-resources.json -f C:\Users\JasonXu\AppData\Local\Programs\Python\Python312\Lib\site-packages\harbor\environments\docker\docker-compose-build.yaml -f C:\Users\JasonXu\AppData\Local\Temp\tmpwnmjl2za\docker-compose-environment.json -f C:\Users\JasonXu\AppData\Local\Temp\tmptzk4e14r\docker-compose-mounts.json cp main:/app/output/velocity.json jobs\ds-fs-h2-3\free-surface-pressure-step__LiySEEm\artifacts\app\output\velocity.json. Return code: 1. Stdout:  free-surface-pressure-step__liyseem__env-main-1 Copying free-surface-pressure-step__liyseem__env-main-1:/app/output/velocity.json to jobs\ds-fs-h2-3\free-surface-pressure-step__LiySEEm\artifacts\app\output\velocity.json
invalid output path: directory "C:\\Users\\JasonXu\\Desktop\\Klavis AI\\tasks\\free-surface-pressure-step\\environment\\jobs\\ds-fs-h2-3\\free-surface-pressure-step__LiySEEm\\artifacts\\app\\output" does not exist
. Stderr: None. 
compose cp failed; retrying download with engine cp: Docker compose command failed for environment free-surface-pressure-step. Command: docker compose --project-name free-surface-pressure-step__liyseem__env --project-directory C:\Users\JasonXu\Desktop\Klavis AI\tasks\free-surface-pressure-step\environment -f C:\Users\JasonXu\AppData\Local\Temp\tmppmaelgw2\free-surface-pressure-step__LiySEEm__env-docker-compose-resources.json -f C:\Users\JasonXu\AppData\Local\Programs\Python\Python312\Lib\site-packages\harbor\environments\docker\docker-compose-build.yaml -f C:\Users\JasonXu\AppData\Local\Temp\tmpwnmjl2za\docker-compose-environment.json -f C:\Users\JasonXu\AppData\Local\Temp\tmptzk4e14r\docker-compose-mounts.json cp main:/app/output/diagnostics.json jobs\ds-fs-h2-3\free-surface-pressure-step__LiySEEm\artifacts\app\output\diagnostics.json. Return code: 1. Stdout:  free-surface-pressure-step__liyseem__env-main-1 Copying free-surface-pressure-step__liyseem__env-main-1:/app/output/diagnostics.json to jobs\ds-fs-h2-3\free-surface-pressure-step__LiySEEm\artifacts\app\output\diagnostics.json
invalid output path: directory "C:\\Users\\JasonXu\\Desktop\\Klavis AI\\tasks\\free-surface-pressure-step\\environment\\jobs\\ds-fs-h2-3\\free-surface-pressure-step__LiySEEm\\artifacts\\app\\output" does not exist
. Stderr: None. 
compose cp failed; retrying download with engine cp: Docker compose command failed for environment free-surface-pressure-step. Command: docker compose --project-name free-surface-pressure-step__liyseem__env --project-directory C:\Users\JasonXu\Desktop\Klavis AI\tasks\free-surface-pressure-step\environment -f C:\Users\JasonXu\AppData\Local\Temp\tmppmaelgw2\free-surface-pressure-step__LiySEEm__env-docker-compose-resources.json -f C:\Users\JasonXu\AppData\Local\Programs\Python\Python312\Lib\site-packages\harbor\environments\docker\docker-compose-build.yaml -f C:\Users\JasonXu\AppData\Local\Temp\tmpwnmjl2za\docker-compose-environment.json -f C:\Users\JasonXu\AppData\Local\Temp\tmptzk4e14r\docker-compose-mounts.json cp main:/app/output/trace.json jobs\ds-fs-h2-3\free-surface-pressure-step__LiySEEm\artifacts\app\output\trace.json. Return code: 1. Stdout:  free-surface-pressure-step__liyseem__env-main-1 Copying free-surface-pressure-step__liyseem__env-main-1:/app/output/trace.json to jobs\ds-fs-h2-3\free-surface-pressure-step__LiySEEm\artifacts\app\output\trace.json
invalid output path: directory "C:\\Users\\JasonXu\\Desktop\\Klavis AI\\tasks\\free-surface-pressure-step\\environment\\jobs\\ds-fs-h2-3\\free-surface-pressure-step__LiySEEm\\artifacts\\app\\output" does not exist
. Stderr: None. 
Skipping image OS validation for hb__a1b5b24ff4e0af9d5aed446876e9b998: docker inspect returned 1
docker compose cp failed; retrying upload with tar stream: Docker compose command failed for environment free-surface-pressure-step. Command: docker compose --project-name free-surface-pressure-step__liyseem__verifier__trial --project-directory C:\Users\JasonXu\Desktop\Klavis AI\tasks\free-surface-pressure-step\tests -f C:\Users\JasonXu\AppData\Local\Temp\tmp7_pp5t9x\free-surface-pressure-step__LiySEEm__verifier__trial-docker-compose-resources.json -f C:\Users\JasonXu\AppData\Local\Programs\Python\Python312\Lib\site-packages\harbor\environments\docker\docker-compose-build.yaml -f C:\Users\JasonXu\AppData\Local\Temp\tmpb6g9odlm\docker-compose-environment.json -f C:\Users\JasonXu\AppData\Local\Temp\tmp1lcb7k38\docker-compose-mounts.json cp jobs\ds-fs-h2-3\free-surface-pressure-step__LiySEEm\artifacts\logs\artifacts/. main:/logs/artifacts. Return code: 1. Stdout:  free-surface-pressure-step__liyseem__verifier__trial-main-1 Copying jobs\ds-fs-h2-3\free-surface-pressure-step__LiySEEm\artifacts\logs\artifacts/. to free-surface-pressure-step__liyseem__verifier__trial-main-1:/logs/artifacts
GetFileAttributesEx C:\Users\JasonXu\Desktop\Klavis AI\tasks\free-surface-pressure-step\tests\jobs: The system cannot find the file specified.
. Stderr: None. 
docker compose cp failed; retrying upload with tar stream: Docker compose command failed for environment free-surface-pressure-step. Command: docker compose --project-name free-surface-pressure-step__liyseem__verifier__trial --project-directory C:\Users\JasonXu\Desktop\Klavis AI\tasks\free-surface-pressure-step\tests -f C:\Users\JasonXu\AppData\Local\Temp\tmp7_pp5t9x\free-surface-pressure-step__LiySEEm__verifier__trial-docker-compose-resources.json -f C:\Users\JasonXu\AppData\Local\Programs\Python\Python312\Lib\site-packages\harbor\environments\docker\docker-compose-build.yaml -f C:\Users\JasonXu\AppData\Local\Temp\tmpb6g9odlm\docker-compose-environment.json -f C:\Users\JasonXu\AppData\Local\Temp\tmp1lcb7k38\docker-compose-mounts.json cp jobs\ds-fs-h2-3\free-surface-pressure-step__LiySEEm\artifacts\app\output\evolve.py main:/app/output/evolve.py. Return code: 1. Stdout:  free-surface-pressure-step__liyseem__verifier__trial-main-1 Copying jobs\ds-fs-h2-3\free-surface-pressure-step__LiySEEm\artifacts\app\output\evolve.py to free-surface-pressure-step__liyseem__verifier__trial-main-1:/app/output/evolve.py
GetFileAttributesEx C:\Users\JasonXu\Desktop\Klavis AI\tasks\free-surface-pressure-step\tests\jobs: The system cannot find the file specified.
. Stderr: None. 
docker compose cp failed; retrying upload with tar stream: Docker compose command failed for environment free-surface-pressure-step. Command: docker compose --project-name free-surface-pressure-step__liyseem__verifier__trial --project-directory C:\Users\JasonXu\Desktop\Klavis AI\tasks\free-surface-pressure-step\tests -f C:\Users\JasonXu\AppData\Local\Temp\tmp7_pp5t9x\free-surface-pressure-step__LiySEEm__verifier__trial-docker-compose-resources.json -f C:\Users\JasonXu\AppData\Local\Programs\Python\Python312\Lib\site-packages\harbor\environments\docker\docker-compose-build.yaml -f C:\Users\JasonXu\AppData\Local\Temp\tmpb6g9odlm\docker-compose-environment.json -f C:\Users\JasonXu\AppData\Local\Temp\tmp1lcb7k38\docker-compose-mounts.json cp jobs\ds-fs-h2-3\free-surface-pressure-step__LiySEEm\artifacts\app\output\pressure.json main:/app/output/pressure.json. Return code: 1. Stdout:  free-surface-pressure-step__liyseem__verifier__trial-main-1 Copying jobs\ds-fs-h2-3\free-surface-pressure-step__LiySEEm\artifacts\app\output\pressure.json to free-surface-pressure-step__liyseem__verifier__trial-main-1:/app/output/pressure.json
GetFileAttributesEx C:\Users\JasonXu\Desktop\Klavis AI\tasks\free-surface-pressure-step\tests\jobs: The system cannot find the file specified.
. Stderr: None. 
docker compose cp failed; retrying upload with tar stream: Docker compose command failed for environment free-surface-pressure-step. Command: docker compose --project-name free-surface-pressure-step__liyseem__verifier__trial --project-directory C:\Users\JasonXu\Desktop\Klavis AI\tasks\free-surface-pressure-step\tests -f C:\Users\JasonXu\AppData\Local\Temp\tmp7_pp5t9x\free-surface-pressure-step__LiySEEm__verifier__trial-docker-compose-resources.json -f C:\Users\JasonXu\AppData\Local\Programs\Python\Python312\Lib\site-packages\harbor\environments\docker\docker-compose-build.yaml -f C:\Users\JasonXu\AppData\Local\Temp\tmpb6g9odlm\docker-compose-environment.json -f C:\Users\JasonXu\AppData\Local\Temp\tmp1lcb7k38\docker-compose-mounts.json cp jobs\ds-fs-h2-3\free-surface-pressure-step__LiySEEm\artifacts\app\output\velocity.json main:/app/output/velocity.json. Return code: 1. Stdout:  free-surface-pressure-step__liyseem__verifier__trial-main-1 Copying jobs\ds-fs-h2-3\free-surface-pressure-step__LiySEEm\artifacts\app\output\velocity.json to free-surface-pressure-step__liyseem__verifier__trial-main-1:/app/output/velocity.json
GetFileAttributesEx C:\Users\JasonXu\Desktop\Klavis AI\tasks\free-surface-pressure-step\tests\jobs: The system cannot find the file specified.
. Stderr: None. 
docker compose cp failed; retrying upload with tar stream: Docker compose command failed for environment free-surface-pressure-step. Command: docker compose --project-name free-surface-pressure-step__liyseem__verifier__trial --project-directory C:\Users\JasonXu\Desktop\Klavis AI\tasks\free-surface-pressure-step\tests -f C:\Users\JasonXu\AppData\Local\Temp\tmp7_pp5t9x\free-surface-pressure-step__LiySEEm__verifier__trial-docker-compose-resources.json -f C:\Users\JasonXu\AppData\Local\Programs\Python\Python312\Lib\site-packages\harbor\environments\docker\docker-compose-build.yaml -f C:\Users\JasonXu\AppData\Local\Temp\tmpb6g9odlm\docker-compose-environment.json -f C:\Users\JasonXu\AppData\Local\Temp\tmp1lcb7k38\docker-compose-mounts.json cp jobs\ds-fs-h2-3\free-surface-pressure-step__LiySEEm\artifacts\app\output\diagnostics.json main:/app/output/diagnostics.json. Return code: 1. Stdout:  free-surface-pressure-step__liyseem__verifier__trial-main-1 Copying jobs\ds-fs-h2-3\free-surface-pressure-step__LiySEEm\artifacts\app\output\diagnostics.json to free-surface-pressure-step__liyseem__verifier__trial-main-1:/app/output/diagnostics.json
GetFileAttributesEx C:\Users\JasonXu\Desktop\Klavis AI\tasks\free-surface-pressure-step\tests\jobs: The system cannot find the file specified.
. Stderr: None. 
docker compose cp failed; retrying upload with tar stream: Docker compose command failed for environment free-surface-pressure-step. Command: docker compose --project-name free-surface-pressure-step__liyseem__verifier__trial --project-directory C:\Users\JasonXu\Desktop\Klavis AI\tasks\free-surface-pressure-step\tests -f C:\Users\JasonXu\AppData\Local\Temp\tmp7_pp5t9x\free-surface-pressure-step__LiySEEm__verifier__trial-docker-compose-resources.json -f C:\Users\JasonXu\AppData\Local\Programs\Python\Python312\Lib\site-packages\harbor\environments\docker\docker-compose-build.yaml -f C:\Users\JasonXu\AppData\Local\Temp\tmpb6g9odlm\docker-compose-environment.json -f C:\Users\JasonXu\AppData\Local\Temp\tmp1lcb7k38\docker-compose-mounts.json cp jobs\ds-fs-h2-3\free-surface-pressure-step__LiySEEm\artifacts\app\output\trace.json main:/app/output/trace.json. Return code: 1. Stdout:  free-surface-pressure-step__liyseem__verifier__trial-main-1 Copying jobs\ds-fs-h2-3\free-surface-pressure-step__LiySEEm\artifacts\app\output\trace.json to free-surface-pressure-step__liyseem__verifier__trial-main-1:/app/output/trace.json
GetFileAttributesEx C:\Users\JasonXu\Desktop\Klavis AI\tasks\free-surface-pressure-step\tests\jobs: The system cannot find the file specified.
. Stderr: None. 
